// Jest Snapshot v1, https://goo.gl/fbAQLP

exports[`snapsot 1`] = `
<form
  className="form"
  onSubmit={[Function]}
>
  <label>
    <span
      className="visually-hidden"
    >
      Name
    </span>
    <input
      name="name"
      onChange={[Function]}
      placeholder="Name"
      type="text"
    />
  </label>
  <label>
    <span
      className="visually-hidden"
    >
      Category
    </span>
    <select
      name="category"
      onChange={[Function]}
    >
      <option
        value=""
      >
        Select Category
      </option>
      <option
        value="Before Dinner Cocktail"
      >
        Before Dinner Cocktail
      </option>
      <option
        value="After Dinner Cocktail"
      >
        After Dinner Cocktail
      </option>
      <option
        value="All Day Cocktail"
      >
        All Day Cocktail
      </option>
      <option
        value="Longdrink"
      >
        Longdrink
      </option>
    </select>
  </label>
  <label>
    <span
      className="visually-hidden"
    >
      Glass
    </span>
    <select
      name="glass"
      onChange={[Function]}
    >
      <option
        value=""
      >
        Select Glass
      </option>
      <option
        value="martini"
      >
        Martini
      </option>
      <option
        value="old-fashioned"
      >
        Old-fashioned
      </option>
      <option
        value="collins"
      >
        Collins
      </option>
      <option
        value="highball"
      >
        Highball
      </option>
      <option
        value="champagne"
      >
        Champagne
      </option>
      <option
        value="margarita"
      >
        Margarita
      </option>
    </select>
  </label>
  <label>
    <span
      className="visually-hidden"
    >
      Garnish
    </span>
    <input
      name="granish"
      onChange={[Function]}
      placeholder="Garnish"
      type="text"
    />
  </label>
  <label>
    <span
      className="visually-hidden"
    >
      Preparation
    </span>
    <textarea
      name="preparation"
      onChange={[Function]}
      placeholder="Preparation"
    />
  </label>
  <label>
    <span
      className="visually-hidden"
    >
      Ingredients
    </span>
    <textarea
      name="ingredients"
      onChange={[Function]}
      placeholder="Ingredients"
    />
  </label>
  <div>
    <button
      className="button"
      type="submit"
    >
      Submit
    </button>
  </div>
</form>
`;
