// Jest Snapshot v1, https://goo.gl/fbAQLP

exports[`snapsot 1`] = `
<section
  className="list"
>
  <form>
    <fieldset>
      <label>
        <span
          className="visually-hidden"
        >
          Filter by name or search by ingredient
        </span>
        <input
          className="Search"
          onChange={[Function]}
          placeholder="Filter by name or search by ingredient"
          type="text"
        />
      </label>
    </fieldset>
  </form>
</section>
`;
